ARM GAS  C:\Users\Xwx47\AppData\Local\Temp\ccGJSUle.s 			page 1


   1              		.cpu cortex-m0plus
   2              		.fpu softvfp
   3              		.eabi_attribute 20, 1
   4              		.eabi_attribute 21, 1
   5              		.eabi_attribute 23, 3
   6              		.eabi_attribute 24, 1
   7              		.eabi_attribute 25, 1
   8              		.eabi_attribute 26, 1
   9              		.eabi_attribute 30, 1
  10              		.eabi_attribute 34, 0
  11              		.eabi_attribute 18, 4
  12              		.code	16
  13              		.file	"cyfitter_cfg.c"
  14              		.text
  15              	.Ltext0:
  16              		.cfi_sections	.debug_frame
  17              		.section	.psocinit,"ax",%progbits
  18              		.align	2
  19              		.code	16
  20              		.thumb_func
  21              		.type	ClockSetup, %function
  22              	ClockSetup:
  23              	.LFB4:
  24              		.file 1 ".\\Generated_Source\\PSoC4\\cyfitter_cfg.c"
   1:.\Generated_Source\PSoC4/cyfitter_cfg.c **** /*******************************************************************************
   2:.\Generated_Source\PSoC4/cyfitter_cfg.c **** * File Name: cyfitter_cfg.c
   3:.\Generated_Source\PSoC4/cyfitter_cfg.c **** * 
   4:.\Generated_Source\PSoC4/cyfitter_cfg.c **** * PSoC Creator  3.3 CP3
   5:.\Generated_Source\PSoC4/cyfitter_cfg.c **** *
   6:.\Generated_Source\PSoC4/cyfitter_cfg.c **** * Description:
   7:.\Generated_Source\PSoC4/cyfitter_cfg.c **** * This file contains device initialization code.
   8:.\Generated_Source\PSoC4/cyfitter_cfg.c **** * Except for the user defined sections in CyClockStartupError(), this file should not be modified.
   9:.\Generated_Source\PSoC4/cyfitter_cfg.c **** * This file is automatically generated by PSoC Creator.
  10:.\Generated_Source\PSoC4/cyfitter_cfg.c **** *
  11:.\Generated_Source\PSoC4/cyfitter_cfg.c **** ********************************************************************************
  12:.\Generated_Source\PSoC4/cyfitter_cfg.c **** * Copyright (c) 2007-2016 Cypress Semiconductor.  All rights reserved.
  13:.\Generated_Source\PSoC4/cyfitter_cfg.c **** * You may use this file only in accordance with the license, terms, conditions, 
  14:.\Generated_Source\PSoC4/cyfitter_cfg.c **** * disclaimers, and limitations in the end user license agreement accompanying 
  15:.\Generated_Source\PSoC4/cyfitter_cfg.c **** * the software package with which this file was provided.
  16:.\Generated_Source\PSoC4/cyfitter_cfg.c **** ********************************************************************************/
  17:.\Generated_Source\PSoC4/cyfitter_cfg.c **** 
  18:.\Generated_Source\PSoC4/cyfitter_cfg.c **** #include <string.h>
  19:.\Generated_Source\PSoC4/cyfitter_cfg.c **** #include "cytypes.h"
  20:.\Generated_Source\PSoC4/cyfitter_cfg.c **** #include "cydevice_trm.h"
  21:.\Generated_Source\PSoC4/cyfitter_cfg.c **** #include "cyfitter.h"
  22:.\Generated_Source\PSoC4/cyfitter_cfg.c **** #include "CyLib.h"
  23:.\Generated_Source\PSoC4/cyfitter_cfg.c **** #include "cyfitter_cfg.h"
  24:.\Generated_Source\PSoC4/cyfitter_cfg.c **** 
  25:.\Generated_Source\PSoC4/cyfitter_cfg.c **** 
  26:.\Generated_Source\PSoC4/cyfitter_cfg.c **** #if defined(__GNUC__) || defined(__ARMCC_VERSION)
  27:.\Generated_Source\PSoC4/cyfitter_cfg.c ****     #define CYPACKED 
  28:.\Generated_Source\PSoC4/cyfitter_cfg.c ****     #define CYPACKED_ATTR __attribute__ ((packed))
  29:.\Generated_Source\PSoC4/cyfitter_cfg.c ****     #define CYALIGNED __attribute__ ((aligned))
  30:.\Generated_Source\PSoC4/cyfitter_cfg.c ****     #define CY_CFG_UNUSED __attribute__ ((unused))
  31:.\Generated_Source\PSoC4/cyfitter_cfg.c ****     #ifndef CY_CFG_SECTION
  32:.\Generated_Source\PSoC4/cyfitter_cfg.c ****         #define CY_CFG_SECTION __attribute__ ((section(".psocinit")))
  33:.\Generated_Source\PSoC4/cyfitter_cfg.c ****     #endif
ARM GAS  C:\Users\Xwx47\AppData\Local\Temp\ccGJSUle.s 			page 2


  34:.\Generated_Source\PSoC4/cyfitter_cfg.c ****     
  35:.\Generated_Source\PSoC4/cyfitter_cfg.c ****     #if defined(__ARMCC_VERSION)
  36:.\Generated_Source\PSoC4/cyfitter_cfg.c ****         #define CY_CFG_MEMORY_BARRIER() __memory_changed()
  37:.\Generated_Source\PSoC4/cyfitter_cfg.c ****     #else
  38:.\Generated_Source\PSoC4/cyfitter_cfg.c ****         #define CY_CFG_MEMORY_BARRIER() __sync_synchronize()
  39:.\Generated_Source\PSoC4/cyfitter_cfg.c ****     #endif
  40:.\Generated_Source\PSoC4/cyfitter_cfg.c ****     
  41:.\Generated_Source\PSoC4/cyfitter_cfg.c **** #elif defined(__ICCARM__)
  42:.\Generated_Source\PSoC4/cyfitter_cfg.c ****     #include <intrinsics.h>
  43:.\Generated_Source\PSoC4/cyfitter_cfg.c **** 
  44:.\Generated_Source\PSoC4/cyfitter_cfg.c ****     #define CYPACKED __packed
  45:.\Generated_Source\PSoC4/cyfitter_cfg.c ****     #define CYPACKED_ATTR 
  46:.\Generated_Source\PSoC4/cyfitter_cfg.c ****     #define CYALIGNED _Pragma("data_alignment=4")
  47:.\Generated_Source\PSoC4/cyfitter_cfg.c ****     #define CY_CFG_UNUSED _Pragma("diag_suppress=Pe177")
  48:.\Generated_Source\PSoC4/cyfitter_cfg.c ****     #define CY_CFG_SECTION _Pragma("location=\".psocinit\"")
  49:.\Generated_Source\PSoC4/cyfitter_cfg.c ****     
  50:.\Generated_Source\PSoC4/cyfitter_cfg.c ****     #define CY_CFG_MEMORY_BARRIER() __DMB()
  51:.\Generated_Source\PSoC4/cyfitter_cfg.c ****     
  52:.\Generated_Source\PSoC4/cyfitter_cfg.c **** #else
  53:.\Generated_Source\PSoC4/cyfitter_cfg.c ****     #error Unsupported toolchain
  54:.\Generated_Source\PSoC4/cyfitter_cfg.c **** #endif
  55:.\Generated_Source\PSoC4/cyfitter_cfg.c **** 
  56:.\Generated_Source\PSoC4/cyfitter_cfg.c **** 
  57:.\Generated_Source\PSoC4/cyfitter_cfg.c **** CY_CFG_UNUSED
  58:.\Generated_Source\PSoC4/cyfitter_cfg.c **** static void CYMEMZERO(void *s, size_t n);
  59:.\Generated_Source\PSoC4/cyfitter_cfg.c **** CY_CFG_UNUSED
  60:.\Generated_Source\PSoC4/cyfitter_cfg.c **** static void CYMEMZERO(void *s, size_t n)
  61:.\Generated_Source\PSoC4/cyfitter_cfg.c **** {
  62:.\Generated_Source\PSoC4/cyfitter_cfg.c **** 	(void)memset(s, 0, n);
  63:.\Generated_Source\PSoC4/cyfitter_cfg.c **** }
  64:.\Generated_Source\PSoC4/cyfitter_cfg.c **** CY_CFG_UNUSED
  65:.\Generated_Source\PSoC4/cyfitter_cfg.c **** static void CYCONFIGCPY(void *dest, const void *src, size_t n);
  66:.\Generated_Source\PSoC4/cyfitter_cfg.c **** CY_CFG_UNUSED
  67:.\Generated_Source\PSoC4/cyfitter_cfg.c **** static void CYCONFIGCPY(void *dest, const void *src, size_t n)
  68:.\Generated_Source\PSoC4/cyfitter_cfg.c **** {
  69:.\Generated_Source\PSoC4/cyfitter_cfg.c **** 	(void)memcpy(dest, src, n);
  70:.\Generated_Source\PSoC4/cyfitter_cfg.c **** }
  71:.\Generated_Source\PSoC4/cyfitter_cfg.c **** CY_CFG_UNUSED
  72:.\Generated_Source\PSoC4/cyfitter_cfg.c **** static void CYCONFIGCPYCODE(void *dest, const void *src, size_t n);
  73:.\Generated_Source\PSoC4/cyfitter_cfg.c **** CY_CFG_UNUSED
  74:.\Generated_Source\PSoC4/cyfitter_cfg.c **** static void CYCONFIGCPYCODE(void *dest, const void *src, size_t n)
  75:.\Generated_Source\PSoC4/cyfitter_cfg.c **** {
  76:.\Generated_Source\PSoC4/cyfitter_cfg.c **** 	(void)memcpy(dest, src, n);
  77:.\Generated_Source\PSoC4/cyfitter_cfg.c **** }
  78:.\Generated_Source\PSoC4/cyfitter_cfg.c **** 
  79:.\Generated_Source\PSoC4/cyfitter_cfg.c **** 
  80:.\Generated_Source\PSoC4/cyfitter_cfg.c **** 
  81:.\Generated_Source\PSoC4/cyfitter_cfg.c **** /* Clock startup error codes                                                   */
  82:.\Generated_Source\PSoC4/cyfitter_cfg.c **** #define CYCLOCKSTART_NO_ERROR    0u
  83:.\Generated_Source\PSoC4/cyfitter_cfg.c **** #define CYCLOCKSTART_XTAL_ERROR  1u
  84:.\Generated_Source\PSoC4/cyfitter_cfg.c **** #define CYCLOCKSTART_32KHZ_ERROR 2u
  85:.\Generated_Source\PSoC4/cyfitter_cfg.c **** #define CYCLOCKSTART_PLL_ERROR   3u
  86:.\Generated_Source\PSoC4/cyfitter_cfg.c **** 
  87:.\Generated_Source\PSoC4/cyfitter_cfg.c **** #ifdef CY_NEED_CYCLOCKSTARTUPERROR
  88:.\Generated_Source\PSoC4/cyfitter_cfg.c **** /*******************************************************************************
  89:.\Generated_Source\PSoC4/cyfitter_cfg.c **** * Function Name: CyClockStartupError
  90:.\Generated_Source\PSoC4/cyfitter_cfg.c **** ********************************************************************************
ARM GAS  C:\Users\Xwx47\AppData\Local\Temp\ccGJSUle.s 			page 3


  91:.\Generated_Source\PSoC4/cyfitter_cfg.c **** * Summary:
  92:.\Generated_Source\PSoC4/cyfitter_cfg.c **** *  If an error is encountered during clock configuration (crystal startup error,
  93:.\Generated_Source\PSoC4/cyfitter_cfg.c **** *  PLL lock error, etc.), the system will end up here.  Unless reimplemented by
  94:.\Generated_Source\PSoC4/cyfitter_cfg.c **** *  the customer, this function will stop in an infinite loop.
  95:.\Generated_Source\PSoC4/cyfitter_cfg.c **** *
  96:.\Generated_Source\PSoC4/cyfitter_cfg.c **** * Parameters:
  97:.\Generated_Source\PSoC4/cyfitter_cfg.c **** *   void
  98:.\Generated_Source\PSoC4/cyfitter_cfg.c **** *
  99:.\Generated_Source\PSoC4/cyfitter_cfg.c **** * Return:
 100:.\Generated_Source\PSoC4/cyfitter_cfg.c **** *   void
 101:.\Generated_Source\PSoC4/cyfitter_cfg.c **** *
 102:.\Generated_Source\PSoC4/cyfitter_cfg.c **** *******************************************************************************/
 103:.\Generated_Source\PSoC4/cyfitter_cfg.c **** CY_CFG_UNUSED
 104:.\Generated_Source\PSoC4/cyfitter_cfg.c **** static void CyClockStartupError(uint8 errorCode);
 105:.\Generated_Source\PSoC4/cyfitter_cfg.c **** CY_CFG_UNUSED
 106:.\Generated_Source\PSoC4/cyfitter_cfg.c **** static void CyClockStartupError(uint8 errorCode)
 107:.\Generated_Source\PSoC4/cyfitter_cfg.c **** {
 108:.\Generated_Source\PSoC4/cyfitter_cfg.c ****     /* To remove the compiler warning if errorCode not used.                */
 109:.\Generated_Source\PSoC4/cyfitter_cfg.c ****     errorCode = errorCode;
 110:.\Generated_Source\PSoC4/cyfitter_cfg.c **** 
 111:.\Generated_Source\PSoC4/cyfitter_cfg.c ****     /* `#START CyClockStartupError` */
 112:.\Generated_Source\PSoC4/cyfitter_cfg.c **** 
 113:.\Generated_Source\PSoC4/cyfitter_cfg.c ****     /* If we have a clock startup error (bad MHz crystal, PLL lock, etc.),  */
 114:.\Generated_Source\PSoC4/cyfitter_cfg.c ****     /* we will end up here to allow the customer to implement something to  */
 115:.\Generated_Source\PSoC4/cyfitter_cfg.c ****     /* deal with the clock condition.                                       */
 116:.\Generated_Source\PSoC4/cyfitter_cfg.c **** 
 117:.\Generated_Source\PSoC4/cyfitter_cfg.c ****     /* `#END` */
 118:.\Generated_Source\PSoC4/cyfitter_cfg.c **** 
 119:.\Generated_Source\PSoC4/cyfitter_cfg.c ****     /* If nothing else, stop here since the clocks have not started         */
 120:.\Generated_Source\PSoC4/cyfitter_cfg.c ****     /* correctly.                                                           */
 121:.\Generated_Source\PSoC4/cyfitter_cfg.c ****     while(1) {}
 122:.\Generated_Source\PSoC4/cyfitter_cfg.c **** }
 123:.\Generated_Source\PSoC4/cyfitter_cfg.c **** #endif
 124:.\Generated_Source\PSoC4/cyfitter_cfg.c **** 
 125:.\Generated_Source\PSoC4/cyfitter_cfg.c **** 
 126:.\Generated_Source\PSoC4/cyfitter_cfg.c **** 
 127:.\Generated_Source\PSoC4/cyfitter_cfg.c **** /*******************************************************************************
 128:.\Generated_Source\PSoC4/cyfitter_cfg.c **** * Function Name: ClockSetup
 129:.\Generated_Source\PSoC4/cyfitter_cfg.c **** ********************************************************************************
 130:.\Generated_Source\PSoC4/cyfitter_cfg.c **** *
 131:.\Generated_Source\PSoC4/cyfitter_cfg.c **** * Summary:
 132:.\Generated_Source\PSoC4/cyfitter_cfg.c **** *   Performs the initialization of all of the clocks in the device based on the
 133:.\Generated_Source\PSoC4/cyfitter_cfg.c **** *   settings in the Clock tab of the DWR.  This includes enabling the requested
 134:.\Generated_Source\PSoC4/cyfitter_cfg.c **** *   clocks and setting the necessary dividers to produce the desired frequency. 
 135:.\Generated_Source\PSoC4/cyfitter_cfg.c **** *
 136:.\Generated_Source\PSoC4/cyfitter_cfg.c **** * Parameters:
 137:.\Generated_Source\PSoC4/cyfitter_cfg.c **** *   void
 138:.\Generated_Source\PSoC4/cyfitter_cfg.c **** *
 139:.\Generated_Source\PSoC4/cyfitter_cfg.c **** * Return:
 140:.\Generated_Source\PSoC4/cyfitter_cfg.c **** *   void
 141:.\Generated_Source\PSoC4/cyfitter_cfg.c **** *
 142:.\Generated_Source\PSoC4/cyfitter_cfg.c **** *******************************************************************************/
 143:.\Generated_Source\PSoC4/cyfitter_cfg.c **** static void ClockSetup(void);
 144:.\Generated_Source\PSoC4/cyfitter_cfg.c **** CY_CFG_SECTION
 145:.\Generated_Source\PSoC4/cyfitter_cfg.c **** static void ClockSetup(void)
 146:.\Generated_Source\PSoC4/cyfitter_cfg.c **** {
  25              		.loc 1 146 0
ARM GAS  C:\Users\Xwx47\AppData\Local\Temp\ccGJSUle.s 			page 4


  26              		.cfi_startproc
  27 0000 10B5     		push	{r4, lr}
  28              		.cfi_def_cfa_offset 8
  29              		.cfi_offset 4, -8
  30              		.cfi_offset 14, -4
 147:.\Generated_Source\PSoC4/cyfitter_cfg.c **** 
 148:.\Generated_Source\PSoC4/cyfitter_cfg.c **** 	/* Set Flash Cycles based on max possible frequency in case a glitch occurs during ClockSetup(). *
 149:.\Generated_Source\PSoC4/cyfitter_cfg.c **** 	CY_SET_REG32((void CYXDATA *)(CYREG_CPUSS_FLASH_CTL), (0x0012u));
  31              		.loc 1 149 0
  32 0002 064C     		ldr	r4, .L2
  33 0004 1223     		mov	r3, #18
  34 0006 2360     		str	r3, [r4]
 150:.\Generated_Source\PSoC4/cyfitter_cfg.c **** 	/* Update IMO to new clock speed. */
 151:.\Generated_Source\PSoC4/cyfitter_cfg.c **** 	CySysClkWriteImoFreq(24u);
  35              		.loc 1 151 0
  36 0008 1820     		mov	r0, #24
  37 000a FFF7FEFF 		bl	CySysClkWriteImoFreq
  38              	.LVL0:
 152:.\Generated_Source\PSoC4/cyfitter_cfg.c **** 
 153:.\Generated_Source\PSoC4/cyfitter_cfg.c **** 	/* Setup phase aligned clocks */
 154:.\Generated_Source\PSoC4/cyfitter_cfg.c **** 
 155:.\Generated_Source\PSoC4/cyfitter_cfg.c **** 	/* CYDEV_CLK_SELECT Starting address: CYDEV_CLK_SELECT */
 156:.\Generated_Source\PSoC4/cyfitter_cfg.c **** 	CY_SET_XTND_REG32((void CYFAR *)(CYREG_CLK_SELECT), 0x00000000u);
  39              		.loc 1 156 0
  40 000e 0022     		mov	r2, #0
  41 0010 034B     		ldr	r3, .L2+4
  42 0012 1A60     		str	r2, [r3]
 157:.\Generated_Source\PSoC4/cyfitter_cfg.c **** 
 158:.\Generated_Source\PSoC4/cyfitter_cfg.c **** 	/* Set Flash Cycles based on newly configured 24.00MHz HFCLK. */
 159:.\Generated_Source\PSoC4/cyfitter_cfg.c **** 	CY_SET_REG32((void CYXDATA *)(CYREG_CPUSS_FLASH_CTL), (0x0011u));
  43              		.loc 1 159 0
  44 0014 1123     		mov	r3, #17
  45 0016 2360     		str	r3, [r4]
 160:.\Generated_Source\PSoC4/cyfitter_cfg.c **** }
  46              		.loc 1 160 0
  47              		@ sp needed
  48 0018 10BD     		pop	{r4, pc}
  49              	.L3:
  50 001a C046     		.align	2
  51              	.L2:
  52 001c 30001040 		.word	1074790448
  53 0020 28000340 		.word	1073938472
  54              		.cfi_endproc
  55              	.LFE4:
  56              		.size	ClockSetup, .-ClockSetup
  57              		.align	2
  58              		.global	cyfitter_cfg
  59              		.code	16
  60              		.thumb_func
  61              		.type	cyfitter_cfg, %function
  62              	cyfitter_cfg:
  63              	.LFB6:
 161:.\Generated_Source\PSoC4/cyfitter_cfg.c **** 
 162:.\Generated_Source\PSoC4/cyfitter_cfg.c **** 
 163:.\Generated_Source\PSoC4/cyfitter_cfg.c **** /* Analog API Functions */
 164:.\Generated_Source\PSoC4/cyfitter_cfg.c **** 
 165:.\Generated_Source\PSoC4/cyfitter_cfg.c **** 
ARM GAS  C:\Users\Xwx47\AppData\Local\Temp\ccGJSUle.s 			page 5


 166:.\Generated_Source\PSoC4/cyfitter_cfg.c **** /*******************************************************************************
 167:.\Generated_Source\PSoC4/cyfitter_cfg.c **** * Function Name: AnalogSetDefault
 168:.\Generated_Source\PSoC4/cyfitter_cfg.c **** ********************************************************************************
 169:.\Generated_Source\PSoC4/cyfitter_cfg.c **** *
 170:.\Generated_Source\PSoC4/cyfitter_cfg.c **** * Summary:
 171:.\Generated_Source\PSoC4/cyfitter_cfg.c **** *  Sets up the analog portions of the chip to default values based on chip
 172:.\Generated_Source\PSoC4/cyfitter_cfg.c **** *  configuration options from the project.
 173:.\Generated_Source\PSoC4/cyfitter_cfg.c **** *
 174:.\Generated_Source\PSoC4/cyfitter_cfg.c **** * Parameters:
 175:.\Generated_Source\PSoC4/cyfitter_cfg.c **** *  void
 176:.\Generated_Source\PSoC4/cyfitter_cfg.c **** *
 177:.\Generated_Source\PSoC4/cyfitter_cfg.c **** * Return:
 178:.\Generated_Source\PSoC4/cyfitter_cfg.c **** *  void
 179:.\Generated_Source\PSoC4/cyfitter_cfg.c **** *
 180:.\Generated_Source\PSoC4/cyfitter_cfg.c **** *******************************************************************************/
 181:.\Generated_Source\PSoC4/cyfitter_cfg.c **** static void AnalogSetDefault(void);
 182:.\Generated_Source\PSoC4/cyfitter_cfg.c **** static void AnalogSetDefault(void)
 183:.\Generated_Source\PSoC4/cyfitter_cfg.c **** {
 184:.\Generated_Source\PSoC4/cyfitter_cfg.c **** }
 185:.\Generated_Source\PSoC4/cyfitter_cfg.c **** 
 186:.\Generated_Source\PSoC4/cyfitter_cfg.c **** #define CY_AMUX_UNUSED CYREG_CM0P_ROM_DWT
 187:.\Generated_Source\PSoC4/cyfitter_cfg.c **** 
 188:.\Generated_Source\PSoC4/cyfitter_cfg.c **** 
 189:.\Generated_Source\PSoC4/cyfitter_cfg.c **** /*******************************************************************************
 190:.\Generated_Source\PSoC4/cyfitter_cfg.c **** * Function Name: cyfitter_cfg
 191:.\Generated_Source\PSoC4/cyfitter_cfg.c **** ********************************************************************************
 192:.\Generated_Source\PSoC4/cyfitter_cfg.c **** * Summary:
 193:.\Generated_Source\PSoC4/cyfitter_cfg.c **** *  This function is called by the start-up code for the selected device. It
 194:.\Generated_Source\PSoC4/cyfitter_cfg.c **** *  performs all of the necessary device configuration based on the design
 195:.\Generated_Source\PSoC4/cyfitter_cfg.c **** *  settings.  This includes settings from the Design Wide Resources (DWR) such
 196:.\Generated_Source\PSoC4/cyfitter_cfg.c **** *  as Clocks and Pins as well as any component configuration that is necessary.
 197:.\Generated_Source\PSoC4/cyfitter_cfg.c **** *
 198:.\Generated_Source\PSoC4/cyfitter_cfg.c **** * Parameters:  
 199:.\Generated_Source\PSoC4/cyfitter_cfg.c **** *   void
 200:.\Generated_Source\PSoC4/cyfitter_cfg.c **** *
 201:.\Generated_Source\PSoC4/cyfitter_cfg.c **** * Return:
 202:.\Generated_Source\PSoC4/cyfitter_cfg.c **** *   void
 203:.\Generated_Source\PSoC4/cyfitter_cfg.c **** *
 204:.\Generated_Source\PSoC4/cyfitter_cfg.c **** *******************************************************************************/
 205:.\Generated_Source\PSoC4/cyfitter_cfg.c **** CY_CFG_SECTION
 206:.\Generated_Source\PSoC4/cyfitter_cfg.c **** void cyfitter_cfg(void)
 207:.\Generated_Source\PSoC4/cyfitter_cfg.c **** {
  64              		.loc 1 207 0
  65              		.cfi_startproc
  66 0024 08B5     		push	{r3, lr}
  67              		.cfi_def_cfa_offset 8
  68              		.cfi_offset 3, -8
  69              		.cfi_offset 14, -4
 208:.\Generated_Source\PSoC4/cyfitter_cfg.c **** 	/* Disable interrupts by default. Let user enable if/when they want. */
 209:.\Generated_Source\PSoC4/cyfitter_cfg.c **** 	CyGlobalIntDisable;
  70              		.loc 1 209 0
  71              	@ 209 ".\Generated_Source\PSoC4\cyfitter_cfg.c" 1
  72 0026 72B6     		CPSID   i
  73              	@ 0 "" 2
 210:.\Generated_Source\PSoC4/cyfitter_cfg.c **** 
 211:.\Generated_Source\PSoC4/cyfitter_cfg.c **** 	{
 212:.\Generated_Source\PSoC4/cyfitter_cfg.c **** 		/* HSIOM Starting address: CYDEV_HSIOM_BASE */
ARM GAS  C:\Users\Xwx47\AppData\Local\Temp\ccGJSUle.s 			page 6


 213:.\Generated_Source\PSoC4/cyfitter_cfg.c **** 		CY_SET_XTND_REG32((void CYFAR *)(CYREG_HSIOM_PORT_SEL3), 0x0003EE00u);
  74              		.loc 1 213 0
  75              		.code	16
  76 0028 054A     		ldr	r2, .L5
  77 002a 064B     		ldr	r3, .L5+4
  78 002c 1A60     		str	r2, [r3]
 214:.\Generated_Source\PSoC4/cyfitter_cfg.c **** 
 215:.\Generated_Source\PSoC4/cyfitter_cfg.c **** 	}
 216:.\Generated_Source\PSoC4/cyfitter_cfg.c **** 
 217:.\Generated_Source\PSoC4/cyfitter_cfg.c **** 	/* Perform second pass device configuration. These items must be configured in specific order afte
 218:.\Generated_Source\PSoC4/cyfitter_cfg.c **** 	/* IOPINS0_3 Starting address: CYDEV_GPIO_PRT3_BASE */
 219:.\Generated_Source\PSoC4/cyfitter_cfg.c **** 	CY_SET_XTND_REG32((void CYFAR *)(CYDEV_GPIO_PRT3_BASE), 0x00000010u);
  79              		.loc 1 219 0
  80 002e 1022     		mov	r2, #16
  81 0030 054B     		ldr	r3, .L5+8
  82 0032 1A60     		str	r2, [r3]
 220:.\Generated_Source\PSoC4/cyfitter_cfg.c **** 	CY_SET_XTND_REG32((void CYFAR *)(CYREG_GPIO_PRT3_PC), 0x00006D89u);
  83              		.loc 1 220 0
  84 0034 054A     		ldr	r2, .L5+12
  85 0036 064B     		ldr	r3, .L5+16
  86 0038 1A60     		str	r2, [r3]
 221:.\Generated_Source\PSoC4/cyfitter_cfg.c **** 
 222:.\Generated_Source\PSoC4/cyfitter_cfg.c **** 
 223:.\Generated_Source\PSoC4/cyfitter_cfg.c **** 	/* Setup clocks based on selections from Clock DWR */
 224:.\Generated_Source\PSoC4/cyfitter_cfg.c **** 	ClockSetup();
  87              		.loc 1 224 0
  88 003a FFF7E1FF 		bl	ClockSetup
  89              	.LVL1:
 225:.\Generated_Source\PSoC4/cyfitter_cfg.c **** 
 226:.\Generated_Source\PSoC4/cyfitter_cfg.c **** 	/* Perform basic analog initialization to defaults */
 227:.\Generated_Source\PSoC4/cyfitter_cfg.c **** 	AnalogSetDefault();
 228:.\Generated_Source\PSoC4/cyfitter_cfg.c **** 
 229:.\Generated_Source\PSoC4/cyfitter_cfg.c **** }
  90              		.loc 1 229 0
  91              		@ sp needed
  92 003e 08BD     		pop	{r3, pc}
  93              	.L6:
  94              		.align	2
  95              	.L5:
  96 0040 00EE0300 		.word	257536
  97 0044 00030240 		.word	1073873664
  98 0048 00030440 		.word	1074004736
  99 004c 896D0000 		.word	28041
 100 0050 08030440 		.word	1074004744
 101              		.cfi_endproc
 102              	.LFE6:
 103              		.size	cyfitter_cfg, .-cyfitter_cfg
 104              		.text
 105              	.Letext0:
 106              		.file 2 ".\\Generated_Source\\PSoC4\\cytypes.h"
 107              		.file 3 ".\\Generated_Source\\PSoC4\\CyLib.h"
 108              		.section	.debug_info,"",%progbits
 109              	.Ldebug_info0:
 110 0000 F2000000 		.4byte	0xf2
 111 0004 0400     		.2byte	0x4
 112 0006 00000000 		.4byte	.Ldebug_abbrev0
 113 000a 04       		.byte	0x4
ARM GAS  C:\Users\Xwx47\AppData\Local\Temp\ccGJSUle.s 			page 7


 114 000b 01       		.uleb128 0x1
 115 000c F2000000 		.4byte	.LASF15
 116 0010 01       		.byte	0x1
 117 0011 7B000000 		.4byte	.LASF16
 118 0015 8A010000 		.4byte	.LASF17
 119 0019 00000000 		.4byte	.Ldebug_ranges0+0
 120 001d 00000000 		.4byte	0
 121 0021 00000000 		.4byte	.Ldebug_line0
 122 0025 02       		.uleb128 0x2
 123 0026 04       		.byte	0x4
 124 0027 05       		.byte	0x5
 125 0028 696E7400 		.ascii	"int\000"
 126 002c 03       		.uleb128 0x3
 127 002d 04       		.byte	0x4
 128 002e 07       		.byte	0x7
 129 002f 15000000 		.4byte	.LASF0
 130 0033 03       		.uleb128 0x3
 131 0034 01       		.byte	0x1
 132 0035 06       		.byte	0x6
 133 0036 E6000000 		.4byte	.LASF1
 134 003a 03       		.uleb128 0x3
 135 003b 01       		.byte	0x1
 136 003c 08       		.byte	0x8
 137 003d 6D000000 		.4byte	.LASF2
 138 0041 03       		.uleb128 0x3
 139 0042 02       		.byte	0x2
 140 0043 05       		.byte	0x5
 141 0044 B1000000 		.4byte	.LASF3
 142 0048 03       		.uleb128 0x3
 143 0049 02       		.byte	0x2
 144 004a 07       		.byte	0x7
 145 004b D3000000 		.4byte	.LASF4
 146 004f 03       		.uleb128 0x3
 147 0050 04       		.byte	0x4
 148 0051 05       		.byte	0x5
 149 0052 A8000000 		.4byte	.LASF5
 150 0056 03       		.uleb128 0x3
 151 0057 04       		.byte	0x4
 152 0058 07       		.byte	0x7
 153 0059 37000000 		.4byte	.LASF6
 154 005d 03       		.uleb128 0x3
 155 005e 08       		.byte	0x8
 156 005f 05       		.byte	0x5
 157 0060 00000000 		.4byte	.LASF7
 158 0064 03       		.uleb128 0x3
 159 0065 08       		.byte	0x8
 160 0066 07       		.byte	0x7
 161 0067 56000000 		.4byte	.LASF8
 162 006b 03       		.uleb128 0x3
 163 006c 04       		.byte	0x4
 164 006d 07       		.byte	0x7
 165 006e E5010000 		.4byte	.LASF9
 166 0072 03       		.uleb128 0x3
 167 0073 01       		.byte	0x1
 168 0074 08       		.byte	0x8
 169 0075 A3000000 		.4byte	.LASF10
 170 0079 04       		.uleb128 0x4
ARM GAS  C:\Users\Xwx47\AppData\Local\Temp\ccGJSUle.s 			page 8


 171 007a 0E000000 		.4byte	.LASF13
 172 007e 02       		.byte	0x2
 173 007f 9A01     		.2byte	0x19a
 174 0081 56000000 		.4byte	0x56
 175 0085 03       		.uleb128 0x3
 176 0086 04       		.byte	0x4
 177 0087 04       		.byte	0x4
 178 0088 84010000 		.4byte	.LASF11
 179 008c 03       		.uleb128 0x3
 180 008d 08       		.byte	0x8
 181 008e 04       		.byte	0x4
 182 008f C6000000 		.4byte	.LASF12
 183 0093 04       		.uleb128 0x4
 184 0094 CD000000 		.4byte	.LASF14
 185 0098 02       		.byte	0x2
 186 0099 4402     		.2byte	0x244
 187 009b 9F000000 		.4byte	0x9f
 188 009f 05       		.uleb128 0x5
 189 00a0 79000000 		.4byte	0x79
 190 00a4 06       		.uleb128 0x6
 191 00a5 BB000000 		.4byte	.LASF18
 192 00a9 01       		.byte	0x1
 193 00aa 91       		.byte	0x91
 194 00ab 00000000 		.4byte	.LFB4
 195 00af 24000000 		.4byte	.LFE4-.LFB4
 196 00b3 01       		.uleb128 0x1
 197 00b4 9C       		.byte	0x9c
 198 00b5 C9000000 		.4byte	0xc9
 199 00b9 07       		.uleb128 0x7
 200 00ba 0E000000 		.4byte	.LVL0
 201 00be E8000000 		.4byte	0xe8
 202 00c2 08       		.uleb128 0x8
 203 00c3 01       		.uleb128 0x1
 204 00c4 50       		.byte	0x50
 205 00c5 01       		.uleb128 0x1
 206 00c6 48       		.byte	0x48
 207 00c7 00       		.byte	0
 208 00c8 00       		.byte	0
 209 00c9 09       		.uleb128 0x9
 210 00ca 49000000 		.4byte	.LASF19
 211 00ce 01       		.byte	0x1
 212 00cf CE       		.byte	0xce
 213 00d0 24000000 		.4byte	.LFB6
 214 00d4 30000000 		.4byte	.LFE6-.LFB6
 215 00d8 01       		.uleb128 0x1
 216 00d9 9C       		.byte	0x9c
 217 00da E8000000 		.4byte	0xe8
 218 00de 0A       		.uleb128 0xa
 219 00df 3E000000 		.4byte	.LVL1
 220 00e3 A4000000 		.4byte	0xa4
 221 00e7 00       		.byte	0
 222 00e8 0B       		.uleb128 0xb
 223 00e9 22000000 		.4byte	.LASF20
 224 00ed 03       		.byte	0x3
 225 00ee 6C       		.byte	0x6c
 226 00ef 0C       		.uleb128 0xc
 227 00f0 79000000 		.4byte	0x79
ARM GAS  C:\Users\Xwx47\AppData\Local\Temp\ccGJSUle.s 			page 9


 228 00f4 00       		.byte	0
 229 00f5 00       		.byte	0
 230              		.section	.debug_abbrev,"",%progbits
 231              	.Ldebug_abbrev0:
 232 0000 01       		.uleb128 0x1
 233 0001 11       		.uleb128 0x11
 234 0002 01       		.byte	0x1
 235 0003 25       		.uleb128 0x25
 236 0004 0E       		.uleb128 0xe
 237 0005 13       		.uleb128 0x13
 238 0006 0B       		.uleb128 0xb
 239 0007 03       		.uleb128 0x3
 240 0008 0E       		.uleb128 0xe
 241 0009 1B       		.uleb128 0x1b
 242 000a 0E       		.uleb128 0xe
 243 000b 55       		.uleb128 0x55
 244 000c 17       		.uleb128 0x17
 245 000d 11       		.uleb128 0x11
 246 000e 01       		.uleb128 0x1
 247 000f 10       		.uleb128 0x10
 248 0010 17       		.uleb128 0x17
 249 0011 00       		.byte	0
 250 0012 00       		.byte	0
 251 0013 02       		.uleb128 0x2
 252 0014 24       		.uleb128 0x24
 253 0015 00       		.byte	0
 254 0016 0B       		.uleb128 0xb
 255 0017 0B       		.uleb128 0xb
 256 0018 3E       		.uleb128 0x3e
 257 0019 0B       		.uleb128 0xb
 258 001a 03       		.uleb128 0x3
 259 001b 08       		.uleb128 0x8
 260 001c 00       		.byte	0
 261 001d 00       		.byte	0
 262 001e 03       		.uleb128 0x3
 263 001f 24       		.uleb128 0x24
 264 0020 00       		.byte	0
 265 0021 0B       		.uleb128 0xb
 266 0022 0B       		.uleb128 0xb
 267 0023 3E       		.uleb128 0x3e
 268 0024 0B       		.uleb128 0xb
 269 0025 03       		.uleb128 0x3
 270 0026 0E       		.uleb128 0xe
 271 0027 00       		.byte	0
 272 0028 00       		.byte	0
 273 0029 04       		.uleb128 0x4
 274 002a 16       		.uleb128 0x16
 275 002b 00       		.byte	0
 276 002c 03       		.uleb128 0x3
 277 002d 0E       		.uleb128 0xe
 278 002e 3A       		.uleb128 0x3a
 279 002f 0B       		.uleb128 0xb
 280 0030 3B       		.uleb128 0x3b
 281 0031 05       		.uleb128 0x5
 282 0032 49       		.uleb128 0x49
 283 0033 13       		.uleb128 0x13
 284 0034 00       		.byte	0
ARM GAS  C:\Users\Xwx47\AppData\Local\Temp\ccGJSUle.s 			page 10


 285 0035 00       		.byte	0
 286 0036 05       		.uleb128 0x5
 287 0037 35       		.uleb128 0x35
 288 0038 00       		.byte	0
 289 0039 49       		.uleb128 0x49
 290 003a 13       		.uleb128 0x13
 291 003b 00       		.byte	0
 292 003c 00       		.byte	0
 293 003d 06       		.uleb128 0x6
 294 003e 2E       		.uleb128 0x2e
 295 003f 01       		.byte	0x1
 296 0040 03       		.uleb128 0x3
 297 0041 0E       		.uleb128 0xe
 298 0042 3A       		.uleb128 0x3a
 299 0043 0B       		.uleb128 0xb
 300 0044 3B       		.uleb128 0x3b
 301 0045 0B       		.uleb128 0xb
 302 0046 27       		.uleb128 0x27
 303 0047 19       		.uleb128 0x19
 304 0048 11       		.uleb128 0x11
 305 0049 01       		.uleb128 0x1
 306 004a 12       		.uleb128 0x12
 307 004b 06       		.uleb128 0x6
 308 004c 40       		.uleb128 0x40
 309 004d 18       		.uleb128 0x18
 310 004e 9742     		.uleb128 0x2117
 311 0050 19       		.uleb128 0x19
 312 0051 01       		.uleb128 0x1
 313 0052 13       		.uleb128 0x13
 314 0053 00       		.byte	0
 315 0054 00       		.byte	0
 316 0055 07       		.uleb128 0x7
 317 0056 898201   		.uleb128 0x4109
 318 0059 01       		.byte	0x1
 319 005a 11       		.uleb128 0x11
 320 005b 01       		.uleb128 0x1
 321 005c 31       		.uleb128 0x31
 322 005d 13       		.uleb128 0x13
 323 005e 00       		.byte	0
 324 005f 00       		.byte	0
 325 0060 08       		.uleb128 0x8
 326 0061 8A8201   		.uleb128 0x410a
 327 0064 00       		.byte	0
 328 0065 02       		.uleb128 0x2
 329 0066 18       		.uleb128 0x18
 330 0067 9142     		.uleb128 0x2111
 331 0069 18       		.uleb128 0x18
 332 006a 00       		.byte	0
 333 006b 00       		.byte	0
 334 006c 09       		.uleb128 0x9
 335 006d 2E       		.uleb128 0x2e
 336 006e 01       		.byte	0x1
 337 006f 3F       		.uleb128 0x3f
 338 0070 19       		.uleb128 0x19
 339 0071 03       		.uleb128 0x3
 340 0072 0E       		.uleb128 0xe
 341 0073 3A       		.uleb128 0x3a
ARM GAS  C:\Users\Xwx47\AppData\Local\Temp\ccGJSUle.s 			page 11


 342 0074 0B       		.uleb128 0xb
 343 0075 3B       		.uleb128 0x3b
 344 0076 0B       		.uleb128 0xb
 345 0077 27       		.uleb128 0x27
 346 0078 19       		.uleb128 0x19
 347 0079 11       		.uleb128 0x11
 348 007a 01       		.uleb128 0x1
 349 007b 12       		.uleb128 0x12
 350 007c 06       		.uleb128 0x6
 351 007d 40       		.uleb128 0x40
 352 007e 18       		.uleb128 0x18
 353 007f 9742     		.uleb128 0x2117
 354 0081 19       		.uleb128 0x19
 355 0082 01       		.uleb128 0x1
 356 0083 13       		.uleb128 0x13
 357 0084 00       		.byte	0
 358 0085 00       		.byte	0
 359 0086 0A       		.uleb128 0xa
 360 0087 898201   		.uleb128 0x4109
 361 008a 00       		.byte	0
 362 008b 11       		.uleb128 0x11
 363 008c 01       		.uleb128 0x1
 364 008d 31       		.uleb128 0x31
 365 008e 13       		.uleb128 0x13
 366 008f 00       		.byte	0
 367 0090 00       		.byte	0
 368 0091 0B       		.uleb128 0xb
 369 0092 2E       		.uleb128 0x2e
 370 0093 01       		.byte	0x1
 371 0094 3F       		.uleb128 0x3f
 372 0095 19       		.uleb128 0x19
 373 0096 03       		.uleb128 0x3
 374 0097 0E       		.uleb128 0xe
 375 0098 3A       		.uleb128 0x3a
 376 0099 0B       		.uleb128 0xb
 377 009a 3B       		.uleb128 0x3b
 378 009b 0B       		.uleb128 0xb
 379 009c 27       		.uleb128 0x27
 380 009d 19       		.uleb128 0x19
 381 009e 3C       		.uleb128 0x3c
 382 009f 19       		.uleb128 0x19
 383 00a0 00       		.byte	0
 384 00a1 00       		.byte	0
 385 00a2 0C       		.uleb128 0xc
 386 00a3 05       		.uleb128 0x5
 387 00a4 00       		.byte	0
 388 00a5 49       		.uleb128 0x49
 389 00a6 13       		.uleb128 0x13
 390 00a7 00       		.byte	0
 391 00a8 00       		.byte	0
 392 00a9 00       		.byte	0
 393              		.section	.debug_aranges,"",%progbits
 394 0000 24000000 		.4byte	0x24
 395 0004 0200     		.2byte	0x2
 396 0006 00000000 		.4byte	.Ldebug_info0
 397 000a 04       		.byte	0x4
 398 000b 00       		.byte	0
ARM GAS  C:\Users\Xwx47\AppData\Local\Temp\ccGJSUle.s 			page 12


 399 000c 0000     		.2byte	0
 400 000e 0000     		.2byte	0
 401 0010 00000000 		.4byte	.LFB4
 402 0014 24000000 		.4byte	.LFE4-.LFB4
 403 0018 24000000 		.4byte	.LFB6
 404 001c 30000000 		.4byte	.LFE6-.LFB6
 405 0020 00000000 		.4byte	0
 406 0024 00000000 		.4byte	0
 407              		.section	.debug_ranges,"",%progbits
 408              	.Ldebug_ranges0:
 409 0000 00000000 		.4byte	.LFB4
 410 0004 24000000 		.4byte	.LFE4
 411 0008 24000000 		.4byte	.LFB6
 412 000c 54000000 		.4byte	.LFE6
 413 0010 00000000 		.4byte	0
 414 0014 00000000 		.4byte	0
 415              		.section	.debug_line,"",%progbits
 416              	.Ldebug_line0:
 417 0000 7A000000 		.section	.debug_str,"MS",%progbits,1
 417      02005600 
 417      00000201 
 417      FB0E0D00 
 417      01010101 
 418              	.LASF7:
 419 0000 6C6F6E67 		.ascii	"long long int\000"
 419      206C6F6E 
 419      6720696E 
 419      7400
 420              	.LASF13:
 421 000e 75696E74 		.ascii	"uint32\000"
 421      333200
 422              	.LASF0:
 423 0015 756E7369 		.ascii	"unsigned int\000"
 423      676E6564 
 423      20696E74 
 423      00
 424              	.LASF20:
 425 0022 43795379 		.ascii	"CySysClkWriteImoFreq\000"
 425      73436C6B 
 425      57726974 
 425      65496D6F 
 425      46726571 
 426              	.LASF6:
 427 0037 6C6F6E67 		.ascii	"long unsigned int\000"
 427      20756E73 
 427      69676E65 
 427      6420696E 
 427      7400
 428              	.LASF19:
 429 0049 63796669 		.ascii	"cyfitter_cfg\000"
 429      74746572 
 429      5F636667 
 429      00
 430              	.LASF8:
 431 0056 6C6F6E67 		.ascii	"long long unsigned int\000"
 431      206C6F6E 
 431      6720756E 
ARM GAS  C:\Users\Xwx47\AppData\Local\Temp\ccGJSUle.s 			page 13


 431      7369676E 
 431      65642069 
 432              	.LASF2:
 433 006d 756E7369 		.ascii	"unsigned char\000"
 433      676E6564 
 433      20636861 
 433      7200
 434              	.LASF16:
 435 007b 2E5C4765 		.ascii	".\\Generated_Source\\PSoC4\\cyfitter_cfg.c\000"
 435      6E657261 
 435      7465645F 
 435      536F7572 
 435      63655C50 
 436              	.LASF10:
 437 00a3 63686172 		.ascii	"char\000"
 437      00
 438              	.LASF5:
 439 00a8 6C6F6E67 		.ascii	"long int\000"
 439      20696E74 
 439      00
 440              	.LASF3:
 441 00b1 73686F72 		.ascii	"short int\000"
 441      7420696E 
 441      7400
 442              	.LASF18:
 443 00bb 436C6F63 		.ascii	"ClockSetup\000"
 443      6B536574 
 443      757000
 444              	.LASF12:
 445 00c6 646F7562 		.ascii	"double\000"
 445      6C6500
 446              	.LASF14:
 447 00cd 72656733 		.ascii	"reg32\000"
 447      3200
 448              	.LASF4:
 449 00d3 73686F72 		.ascii	"short unsigned int\000"
 449      7420756E 
 449      7369676E 
 449      65642069 
 449      6E7400
 450              	.LASF1:
 451 00e6 7369676E 		.ascii	"signed char\000"
 451      65642063 
 451      68617200 
 452              	.LASF15:
 453 00f2 474E5520 		.ascii	"GNU C 4.9.3 20150303 (release) [ARM/embedded-4_9-br"
 453      4320342E 
 453      392E3320 
 453      32303135 
 453      30333033 
 454 0125 616E6368 		.ascii	"anch revision 221220] -mcpu=cortex-m0plus -mthumb -"
 454      20726576 
 454      6973696F 
 454      6E203232 
 454      31323230 
 455 0158 67202D4F 		.ascii	"g -Og -ffunction-sections -ffat-lto-objects\000"
 455      67202D66 
ARM GAS  C:\Users\Xwx47\AppData\Local\Temp\ccGJSUle.s 			page 14


 455      66756E63 
 455      74696F6E 
 455      2D736563 
 456              	.LASF11:
 457 0184 666C6F61 		.ascii	"float\000"
 457      7400
 458              	.LASF17:
 459 018a 433A5C55 		.ascii	"C:\\Users\\Xwx47\\Documents\\PSoC Creator\\4S\\Kit_"
 459      73657273 
 459      5C587778 
 459      34375C44 
 459      6F63756D 
 460 01b7 3034315F 		.ascii	"041_40XX\\CompuertasLogicas\\CompuertaAND.cydsn\000"
 460      34305858 
 460      5C436F6D 
 460      70756572 
 460      7461734C 
 461              	.LASF9:
 462 01e5 73697A65 		.ascii	"sizetype\000"
 462      74797065 
 462      00
 463              		.ident	"GCC: (GNU Tools for ARM Embedded Processors) 4.9.3 20150303 (release) [ARM/embedded-4_9-br
